Analysis & Elaboration report for ImageEqualizer
Wed Sep 11 20:06:14 2019
Quartus Prime Version 18.1.0 Build 625 09/12/2018 SJ Lite Edition


---------------------
; Table of Contents ;
---------------------
  1. Legal Notice
  2. Analysis & Elaboration Summary
  3. Parallel Compilation
  4. Parameter Settings for User Entity Instance: ALU_N_bits:dut
  5. Parameter Settings for User Entity Instance: ALU_N_bits:dut|mux_Sumador:mux_S
  6. Parameter Settings for User Entity Instance: ALU_N_bits:dut|sumador:suma_F
  7. Parameter Settings for User Entity Instance: ALU_N_bits:dut|and_A:and_F
  8. Parameter Settings for User Entity Instance: ALU_N_bits:dut|or_A:or_F
  9. Parameter Settings for User Entity Instance: ALU_N_bits:dut|xor_A:xor_F
 10. Parameter Settings for User Entity Instance: ALU_N_bits:dut|not_A:not_F
 11. Parameter Settings for User Entity Instance: ALU_N_bits:dut|left_shift_arithmetic:lsa
 12. Parameter Settings for User Entity Instance: ALU_N_bits:dut|right_shift_arithmetic:rsa
 13. Parameter Settings for User Entity Instance: ALU_N_bits:dut|left_shift_logic:lsl
 14. Parameter Settings for User Entity Instance: ALU_N_bits:dut|right_shift_logic:rsl
 15. Parameter Settings for User Entity Instance: ALU_N_bits:dut|mux_ALU:mux_F
 16. Parameter Settings for User Entity Instance: ALU_N_bits:dut|flags:flags_F
 17. Analysis & Elaboration Settings
 18. Port Connectivity Checks: "ALU_N_bits:dut"
 19. Analysis & Elaboration Messages



----------------
; Legal Notice ;
----------------
Copyright (C) 2018  Intel Corporation. All rights reserved.
Your use of Intel Corporation's design tools, logic functions 
and other software and tools, and its AMPP partner logic 
functions, and any output files from any of the foregoing 
(including device programming or simulation files), and any 
associated documentation or information are expressly subject 
to the terms and conditions of the Intel Program License 
Subscription Agreement, the Intel Quartus Prime License Agreement,
the Intel FPGA IP License Agreement, or other applicable license
agreement, including, without limitation, that your use is for
the sole purpose of programming logic devices manufactured by
Intel and sold by Intel or its authorized distributors.  Please
refer to the applicable agreement for further details.



+-----------------------------------------------------------------------------+
; Analysis & Elaboration Summary                                              ;
+-------------------------------+---------------------------------------------+
; Analysis & Elaboration Status ; Successful - Wed Sep 11 20:06:14 2019       ;
; Quartus Prime Version         ; 18.1.0 Build 625 09/12/2018 SJ Lite Edition ;
; Revision Name                 ; ImageEqualizer                              ;
; Top-level Entity Name         ; tb_ALU                                      ;
; Family                        ; Cyclone V                                   ;
; Logic utilization (in ALMs)   ; N/A until Partition Merge                   ;
; Total registers               ; N/A until Partition Merge                   ;
; Total pins                    ; N/A until Partition Merge                   ;
; Total virtual pins            ; N/A until Partition Merge                   ;
; Total block memory bits       ; N/A until Partition Merge                   ;
; Total PLLs                    ; N/A until Partition Merge                   ;
; Total DLLs                    ; N/A until Partition Merge                   ;
+-------------------------------+---------------------------------------------+


+------------------------------------------+
; Parallel Compilation                     ;
+----------------------------+-------------+
; Processors                 ; Number      ;
+----------------------------+-------------+
; Number detected on machine ; 4           ;
; Maximum allowed            ; 2           ;
;                            ;             ;
; Average used               ; 1.00        ;
; Maximum used               ; 1           ;
;                            ;             ;
; Usage by Processor         ; % Time Used ;
;     Processor 1            ; 100.0%      ;
+----------------------------+-------------+


+-------------------------------------------------------------+
; Parameter Settings for User Entity Instance: ALU_N_bits:dut ;
+----------------+-------+------------------------------------+
; Parameter Name ; Value ; Type                               ;
+----------------+-------+------------------------------------+
; N              ; 4     ; Signed Integer                     ;
+----------------+-------+------------------------------------+
Note: In order to hide this table in the UI and the text report file, please set the "Show Parameter Settings in Synthesis Report" option in "Analysis and Synthesis Settings -> More Settings" to "Off".


+-------------------------------------------------------------------------------+
; Parameter Settings for User Entity Instance: ALU_N_bits:dut|mux_Sumador:mux_S ;
+----------------+-------+------------------------------------------------------+
; Parameter Name ; Value ; Type                                                 ;
+----------------+-------+------------------------------------------------------+
; N              ; 4     ; Signed Integer                                       ;
+----------------+-------+------------------------------------------------------+
Note: In order to hide this table in the UI and the text report file, please set the "Show Parameter Settings in Synthesis Report" option in "Analysis and Synthesis Settings -> More Settings" to "Off".


+----------------------------------------------------------------------------+
; Parameter Settings for User Entity Instance: ALU_N_bits:dut|sumador:suma_F ;
+----------------+-------+---------------------------------------------------+
; Parameter Name ; Value ; Type                                              ;
+----------------+-------+---------------------------------------------------+
; N              ; 4     ; Signed Integer                                    ;
+----------------+-------+---------------------------------------------------+
Note: In order to hide this table in the UI and the text report file, please set the "Show Parameter Settings in Synthesis Report" option in "Analysis and Synthesis Settings -> More Settings" to "Off".


+-------------------------------------------------------------------------+
; Parameter Settings for User Entity Instance: ALU_N_bits:dut|and_A:and_F ;
+----------------+-------+------------------------------------------------+
; Parameter Name ; Value ; Type                                           ;
+----------------+-------+------------------------------------------------+
; N              ; 4     ; Signed Integer                                 ;
+----------------+-------+------------------------------------------------+
Note: In order to hide this table in the UI and the text report file, please set the "Show Parameter Settings in Synthesis Report" option in "Analysis and Synthesis Settings -> More Settings" to "Off".


+-----------------------------------------------------------------------+
; Parameter Settings for User Entity Instance: ALU_N_bits:dut|or_A:or_F ;
+----------------+-------+----------------------------------------------+
; Parameter Name ; Value ; Type                                         ;
+----------------+-------+----------------------------------------------+
; N              ; 4     ; Signed Integer                               ;
+----------------+-------+----------------------------------------------+
Note: In order to hide this table in the UI and the text report file, please set the "Show Parameter Settings in Synthesis Report" option in "Analysis and Synthesis Settings -> More Settings" to "Off".


+-------------------------------------------------------------------------+
; Parameter Settings for User Entity Instance: ALU_N_bits:dut|xor_A:xor_F ;
+----------------+-------+------------------------------------------------+
; Parameter Name ; Value ; Type                                           ;
+----------------+-------+------------------------------------------------+
; N              ; 4     ; Signed Integer                                 ;
+----------------+-------+------------------------------------------------+
Note: In order to hide this table in the UI and the text report file, please set the "Show Parameter Settings in Synthesis Report" option in "Analysis and Synthesis Settings -> More Settings" to "Off".


+-------------------------------------------------------------------------+
; Parameter Settings for User Entity Instance: ALU_N_bits:dut|not_A:not_F ;
+----------------+-------+------------------------------------------------+
; Parameter Name ; Value ; Type                                           ;
+----------------+-------+------------------------------------------------+
; N              ; 4     ; Signed Integer                                 ;
+----------------+-------+------------------------------------------------+
Note: In order to hide this table in the UI and the text report file, please set the "Show Parameter Settings in Synthesis Report" option in "Analysis and Synthesis Settings -> More Settings" to "Off".


+---------------------------------------------------------------------------------------+
; Parameter Settings for User Entity Instance: ALU_N_bits:dut|left_shift_arithmetic:lsa ;
+----------------+-------+--------------------------------------------------------------+
; Parameter Name ; Value ; Type                                                         ;
+----------------+-------+--------------------------------------------------------------+
; N              ; 4     ; Signed Integer                                               ;
+----------------+-------+--------------------------------------------------------------+
Note: In order to hide this table in the UI and the text report file, please set the "Show Parameter Settings in Synthesis Report" option in "Analysis and Synthesis Settings -> More Settings" to "Off".


+----------------------------------------------------------------------------------------+
; Parameter Settings for User Entity Instance: ALU_N_bits:dut|right_shift_arithmetic:rsa ;
+----------------+-------+---------------------------------------------------------------+
; Parameter Name ; Value ; Type                                                          ;
+----------------+-------+---------------------------------------------------------------+
; N              ; 4     ; Signed Integer                                                ;
+----------------+-------+---------------------------------------------------------------+
Note: In order to hide this table in the UI and the text report file, please set the "Show Parameter Settings in Synthesis Report" option in "Analysis and Synthesis Settings -> More Settings" to "Off".


+----------------------------------------------------------------------------------+
; Parameter Settings for User Entity Instance: ALU_N_bits:dut|left_shift_logic:lsl ;
+----------------+-------+---------------------------------------------------------+
; Parameter Name ; Value ; Type                                                    ;
+----------------+-------+---------------------------------------------------------+
; N              ; 4     ; Signed Integer                                          ;
+----------------+-------+---------------------------------------------------------+
Note: In order to hide this table in the UI and the text report file, please set the "Show Parameter Settings in Synthesis Report" option in "Analysis and Synthesis Settings -> More Settings" to "Off".


+-----------------------------------------------------------------------------------+
; Parameter Settings for User Entity Instance: ALU_N_bits:dut|right_shift_logic:rsl ;
+----------------+-------+----------------------------------------------------------+
; Parameter Name ; Value ; Type                                                     ;
+----------------+-------+----------------------------------------------------------+
; N              ; 4     ; Signed Integer                                           ;
+----------------+-------+----------------------------------------------------------+
Note: In order to hide this table in the UI and the text report file, please set the "Show Parameter Settings in Synthesis Report" option in "Analysis and Synthesis Settings -> More Settings" to "Off".


+---------------------------------------------------------------------------+
; Parameter Settings for User Entity Instance: ALU_N_bits:dut|mux_ALU:mux_F ;
+----------------+-------+--------------------------------------------------+
; Parameter Name ; Value ; Type                                             ;
+----------------+-------+--------------------------------------------------+
; N              ; 4     ; Signed Integer                                   ;
+----------------+-------+--------------------------------------------------+
Note: In order to hide this table in the UI and the text report file, please set the "Show Parameter Settings in Synthesis Report" option in "Analysis and Synthesis Settings -> More Settings" to "Off".


+---------------------------------------------------------------------------+
; Parameter Settings for User Entity Instance: ALU_N_bits:dut|flags:flags_F ;
+----------------+-------+--------------------------------------------------+
; Parameter Name ; Value ; Type                                             ;
+----------------+-------+--------------------------------------------------+
; N_b            ; 4     ; Signed Integer                                   ;
+----------------+-------+--------------------------------------------------+
Note: In order to hide this table in the UI and the text report file, please set the "Show Parameter Settings in Synthesis Report" option in "Analysis and Synthesis Settings -> More Settings" to "Off".


+---------------------------------------------------------------------------------------------------------------------------+
; Analysis & Elaboration Settings                                                                                           ;
+---------------------------------------------------------------------------------+--------------------+--------------------+
; Option                                                                          ; Setting            ; Default Value      ;
+---------------------------------------------------------------------------------+--------------------+--------------------+
; Device                                                                          ; 5CSEMA5F31C6       ;                    ;
; Top-level entity name                                                           ; tb_ALU             ; ImageEqualizer     ;
; Family name                                                                     ; Cyclone V          ; Cyclone V          ;
; Use smart compilation                                                           ; Off                ; Off                ;
; Enable parallel Assembler and Timing Analyzer during compilation                ; On                 ; On                 ;
; Enable compact report table                                                     ; Off                ; Off                ;
; Restructure Multiplexers                                                        ; Auto               ; Auto               ;
; MLAB Add Timing Constraints For Mixed-Port Feed-Through Mode Setting Don't Care ; Off                ; Off                ;
; Create Debugging Nodes for IP Cores                                             ; Off                ; Off                ;
; Preserve fewer node names                                                       ; On                 ; On                 ;
; Intel FPGA IP Evaluation Mode                                                   ; Enable             ; Enable             ;
; Verilog Version                                                                 ; Verilog_2001       ; Verilog_2001       ;
; VHDL Version                                                                    ; VHDL_1993          ; VHDL_1993          ;
; State Machine Processing                                                        ; Auto               ; Auto               ;
; Safe State Machine                                                              ; Off                ; Off                ;
; Extract Verilog State Machines                                                  ; On                 ; On                 ;
; Extract VHDL State Machines                                                     ; On                 ; On                 ;
; Ignore Verilog initial constructs                                               ; Off                ; Off                ;
; Iteration limit for constant Verilog loops                                      ; 5000               ; 5000               ;
; Iteration limit for non-constant Verilog loops                                  ; 250                ; 250                ;
; Add Pass-Through Logic to Inferred RAMs                                         ; On                 ; On                 ;
; Infer RAMs from Raw Logic                                                       ; On                 ; On                 ;
; Parallel Synthesis                                                              ; On                 ; On                 ;
; DSP Block Balancing                                                             ; Auto               ; Auto               ;
; NOT Gate Push-Back                                                              ; On                 ; On                 ;
; Power-Up Don't Care                                                             ; On                 ; On                 ;
; Remove Redundant Logic Cells                                                    ; Off                ; Off                ;
; Remove Duplicate Registers                                                      ; On                 ; On                 ;
; Ignore CARRY Buffers                                                            ; Off                ; Off                ;
; Ignore CASCADE Buffers                                                          ; Off                ; Off                ;
; Ignore GLOBAL Buffers                                                           ; Off                ; Off                ;
; Ignore ROW GLOBAL Buffers                                                       ; Off                ; Off                ;
; Ignore LCELL Buffers                                                            ; Off                ; Off                ;
; Ignore SOFT Buffers                                                             ; On                 ; On                 ;
; Limit AHDL Integers to 32 Bits                                                  ; Off                ; Off                ;
; Optimization Technique                                                          ; Balanced           ; Balanced           ;
; Carry Chain Length                                                              ; 70                 ; 70                 ;
; Auto Carry Chains                                                               ; On                 ; On                 ;
; Auto Open-Drain Pins                                                            ; On                 ; On                 ;
; Perform WYSIWYG Primitive Resynthesis                                           ; Off                ; Off                ;
; Auto ROM Replacement                                                            ; On                 ; On                 ;
; Auto RAM Replacement                                                            ; On                 ; On                 ;
; Auto DSP Block Replacement                                                      ; On                 ; On                 ;
; Auto Shift Register Replacement                                                 ; Auto               ; Auto               ;
; Allow Shift Register Merging across Hierarchies                                 ; Auto               ; Auto               ;
; Auto Clock Enable Replacement                                                   ; On                 ; On                 ;
; Strict RAM Replacement                                                          ; Off                ; Off                ;
; Allow Synchronous Control Signals                                               ; On                 ; On                 ;
; Force Use of Synchronous Clear Signals                                          ; Off                ; Off                ;
; Auto Resource Sharing                                                           ; Off                ; Off                ;
; Allow Any RAM Size For Recognition                                              ; Off                ; Off                ;
; Allow Any ROM Size For Recognition                                              ; Off                ; Off                ;
; Allow Any Shift Register Size For Recognition                                   ; Off                ; Off                ;
; Use LogicLock Constraints during Resource Balancing                             ; On                 ; On                 ;
; Ignore translate_off and synthesis_off directives                               ; Off                ; Off                ;
; Timing-Driven Synthesis                                                         ; On                 ; On                 ;
; Report Parameter Settings                                                       ; On                 ; On                 ;
; Report Source Assignments                                                       ; On                 ; On                 ;
; Report Connectivity Checks                                                      ; On                 ; On                 ;
; Ignore Maximum Fan-Out Assignments                                              ; Off                ; Off                ;
; Synchronization Register Chain Length                                           ; 3                  ; 3                  ;
; Power Optimization During Synthesis                                             ; Normal compilation ; Normal compilation ;
; HDL message level                                                               ; Level2             ; Level2             ;
; Suppress Register Optimization Related Messages                                 ; Off                ; Off                ;
; Number of Removed Registers Reported in Synthesis Report                        ; 5000               ; 5000               ;
; Number of Swept Nodes Reported in Synthesis Report                              ; 5000               ; 5000               ;
; Number of Inverted Registers Reported in Synthesis Report                       ; 100                ; 100                ;
; Clock MUX Protection                                                            ; On                 ; On                 ;
; Auto Gated Clock Conversion                                                     ; Off                ; Off                ;
; Block Design Naming                                                             ; Auto               ; Auto               ;
; SDC constraint protection                                                       ; Off                ; Off                ;
; Synthesis Effort                                                                ; Auto               ; Auto               ;
; Shift Register Replacement - Allow Asynchronous Clear Signal                    ; On                 ; On                 ;
; Pre-Mapping Resynthesis Optimization                                            ; Off                ; Off                ;
; Analysis & Synthesis Message Level                                              ; Medium             ; Medium             ;
; Disable Register Merging Across Hierarchies                                     ; Auto               ; Auto               ;
; Resource Aware Inference For Block RAM                                          ; On                 ; On                 ;
; Automatic Parallel Synthesis                                                    ; On                 ; On                 ;
; Partial Reconfiguration Bitstream ID                                            ; Off                ; Off                ;
+---------------------------------------------------------------------------------+--------------------+--------------------+


+----------------------------------------------------------------------------------------------------------------------------+
; Port Connectivity Checks: "ALU_N_bits:dut"                                                                                 ;
+------------------+--------+----------+-------------------------------------------------------------------------------------+
; Port             ; Type   ; Severity ; Details                                                                             ;
+------------------+--------+----------+-------------------------------------------------------------------------------------+
; A[3..1]          ; Input  ; Info     ; Stuck at GND                                                                        ;
; A[0]             ; Input  ; Info     ; Stuck at VCC                                                                        ;
; B[3..1]          ; Input  ; Info     ; Stuck at GND                                                                        ;
; B[0]             ; Input  ; Info     ; Stuck at VCC                                                                        ;
; ALUControl[3..1] ; Input  ; Info     ; Stuck at GND                                                                        ;
; ALUControl[0]    ; Input  ; Info     ; Stuck at VCC                                                                        ;
; Flags            ; Output ; Info     ; Connected to dangling logic. Logic that only feeds a dangling port will be removed. ;
; RESULT           ; Output ; Info     ; Connected to dangling logic. Logic that only feeds a dangling port will be removed. ;
+------------------+--------+----------+-------------------------------------------------------------------------------------+


+---------------------------------+
; Analysis & Elaboration Messages ;
+---------------------------------+
Info: *******************************************************************
Info: Running Quartus Prime Analysis & Elaboration
    Info: Version 18.1.0 Build 625 09/12/2018 SJ Lite Edition
    Info: Processing started: Wed Sep 11 20:05:58 2019
Info: Command: quartus_map --read_settings_files=on --write_settings_files=off ImageEqualizer -c ImageEqualizer --analysis_and_elaboration
Warning (18236): Number of processors has not been specified which may cause overloading on shared machines.  Set the global assignment NUM_PARALLEL_PROCESSORS in your QSF to an appropriate value for best performance.
Info (20030): Parallel compilation is enabled and will use 2 of the 2 processors detected
Info (12021): Found 1 design units, including 1 entities, in source file arm/alu/testbenches/tb_alu.sv
    Info (12023): Found entity 1: tb_ALU File: C:/Users/alecastrillo/Desktop/ArquiProyectoI/ARM/ALU/Testbenches/tb_ALU.sv Line: 1
Info (12021): Found 1 design units, including 1 entities, in source file arm/alu/xor_a.sv
    Info (12023): Found entity 1: xor_A File: C:/Users/alecastrillo/Desktop/ArquiProyectoI/ARM/ALU/xor_A.sv Line: 1
Info (12021): Found 1 design units, including 1 entities, in source file arm/alu/sumador.sv
    Info (12023): Found entity 1: sumador File: C:/Users/alecastrillo/Desktop/ArquiProyectoI/ARM/ALU/sumador.sv Line: 1
Info (12021): Found 1 design units, including 1 entities, in source file arm/alu/simpleadder.sv
    Info (12023): Found entity 1: simpleAdder File: C:/Users/alecastrillo/Desktop/ArquiProyectoI/ARM/ALU/simpleAdder.sv Line: 1
Info (12021): Found 1 design units, including 1 entities, in source file arm/alu/right_shift_logic.sv
    Info (12023): Found entity 1: right_shift_logic File: C:/Users/alecastrillo/Desktop/ArquiProyectoI/ARM/ALU/right_shift_logic.sv Line: 1
Info (12021): Found 1 design units, including 1 entities, in source file arm/alu/right_shift_arithmetic.sv
    Info (12023): Found entity 1: right_shift_arithmetic File: C:/Users/alecastrillo/Desktop/ArquiProyectoI/ARM/ALU/right_shift_arithmetic.sv Line: 1
Info (12021): Found 1 design units, including 1 entities, in source file arm/alu/or_a.sv
    Info (12023): Found entity 1: or_A File: C:/Users/alecastrillo/Desktop/ArquiProyectoI/ARM/ALU/or_A.sv Line: 1
Info (12021): Found 1 design units, including 1 entities, in source file arm/alu/not_a.sv
    Info (12023): Found entity 1: not_A File: C:/Users/alecastrillo/Desktop/ArquiProyectoI/ARM/ALU/not_A.sv Line: 1
Info (12021): Found 1 design units, including 1 entities, in source file arm/alu/mux_sumador.sv
    Info (12023): Found entity 1: mux_Sumador File: C:/Users/alecastrillo/Desktop/ArquiProyectoI/ARM/ALU/mux_Sumador.sv Line: 1
Info (12021): Found 1 design units, including 1 entities, in source file arm/alu/mux_alu.sv
    Info (12023): Found entity 1: mux_ALU File: C:/Users/alecastrillo/Desktop/ArquiProyectoI/ARM/ALU/mux_ALU.sv Line: 1
Info (12021): Found 1 design units, including 1 entities, in source file arm/alu/left_shift_logic.sv
    Info (12023): Found entity 1: left_shift_logic File: C:/Users/alecastrillo/Desktop/ArquiProyectoI/ARM/ALU/left_shift_logic.sv Line: 1
Info (12021): Found 1 design units, including 1 entities, in source file arm/alu/left_shift_arithmetic.sv
    Info (12023): Found entity 1: left_shift_arithmetic File: C:/Users/alecastrillo/Desktop/ArquiProyectoI/ARM/ALU/left_shift_arithmetic.sv Line: 1
Info (12021): Found 1 design units, including 1 entities, in source file arm/alu/flags.sv
    Info (12023): Found entity 1: flags File: C:/Users/alecastrillo/Desktop/ArquiProyectoI/ARM/ALU/flags.sv Line: 1
Info (12021): Found 1 design units, including 1 entities, in source file arm/alu/and_a.sv
    Info (12023): Found entity 1: and_A File: C:/Users/alecastrillo/Desktop/ArquiProyectoI/ARM/ALU/and_A.sv Line: 1
Info (12021): Found 1 design units, including 1 entities, in source file arm/alu/alu_n_bits.sv
    Info (12023): Found entity 1: ALU_N_bits File: C:/Users/alecastrillo/Desktop/ArquiProyectoI/ARM/ALU/ALU_N_bits.sv Line: 1
Info (12127): Elaborating entity "tb_ALU" for the top level hierarchy
Info (12128): Elaborating entity "ALU_N_bits" for hierarchy "ALU_N_bits:dut" File: C:/Users/alecastrillo/Desktop/ArquiProyectoI/ARM/ALU/Testbenches/tb_ALU.sv Line: 6
Info (12128): Elaborating entity "mux_Sumador" for hierarchy "ALU_N_bits:dut|mux_Sumador:mux_S" File: C:/Users/alecastrillo/Desktop/ArquiProyectoI/ARM/ALU/ALU_N_bits.sv Line: 25
Info (12128): Elaborating entity "sumador" for hierarchy "ALU_N_bits:dut|sumador:suma_F" File: C:/Users/alecastrillo/Desktop/ArquiProyectoI/ARM/ALU/ALU_N_bits.sv Line: 26
Info (12128): Elaborating entity "and_A" for hierarchy "ALU_N_bits:dut|and_A:and_F" File: C:/Users/alecastrillo/Desktop/ArquiProyectoI/ARM/ALU/ALU_N_bits.sv Line: 27
Info (12128): Elaborating entity "or_A" for hierarchy "ALU_N_bits:dut|or_A:or_F" File: C:/Users/alecastrillo/Desktop/ArquiProyectoI/ARM/ALU/ALU_N_bits.sv Line: 28
Info (12128): Elaborating entity "xor_A" for hierarchy "ALU_N_bits:dut|xor_A:xor_F" File: C:/Users/alecastrillo/Desktop/ArquiProyectoI/ARM/ALU/ALU_N_bits.sv Line: 29
Info (12128): Elaborating entity "not_A" for hierarchy "ALU_N_bits:dut|not_A:not_F" File: C:/Users/alecastrillo/Desktop/ArquiProyectoI/ARM/ALU/ALU_N_bits.sv Line: 30
Info (12128): Elaborating entity "left_shift_arithmetic" for hierarchy "ALU_N_bits:dut|left_shift_arithmetic:lsa" File: C:/Users/alecastrillo/Desktop/ArquiProyectoI/ARM/ALU/ALU_N_bits.sv Line: 31
Info (12128): Elaborating entity "right_shift_arithmetic" for hierarchy "ALU_N_bits:dut|right_shift_arithmetic:rsa" File: C:/Users/alecastrillo/Desktop/ArquiProyectoI/ARM/ALU/ALU_N_bits.sv Line: 32
Info (12128): Elaborating entity "left_shift_logic" for hierarchy "ALU_N_bits:dut|left_shift_logic:lsl" File: C:/Users/alecastrillo/Desktop/ArquiProyectoI/ARM/ALU/ALU_N_bits.sv Line: 33
Info (12128): Elaborating entity "right_shift_logic" for hierarchy "ALU_N_bits:dut|right_shift_logic:rsl" File: C:/Users/alecastrillo/Desktop/ArquiProyectoI/ARM/ALU/ALU_N_bits.sv Line: 34
Info (12128): Elaborating entity "mux_ALU" for hierarchy "ALU_N_bits:dut|mux_ALU:mux_F" File: C:/Users/alecastrillo/Desktop/ArquiProyectoI/ARM/ALU/ALU_N_bits.sv Line: 37
Info (12128): Elaborating entity "flags" for hierarchy "ALU_N_bits:dut|flags:flags_F" File: C:/Users/alecastrillo/Desktop/ArquiProyectoI/ARM/ALU/ALU_N_bits.sv Line: 40
Info: Quartus Prime Analysis & Elaboration was successful. 0 errors, 1 warning
    Info: Peak virtual memory: 4791 megabytes
    Info: Processing ended: Wed Sep 11 20:06:14 2019
    Info: Elapsed time: 00:00:16
    Info: Total CPU time (on all processors): 00:00:34


